/*---------------------------------------------------------------------------*\
  =========                 |
  \\      /  F ield         | OpenFOAM: The Open Source CFD Toolbox
   \\    /   O peration     | Website:  https://openfoam.org
    \\  /    A nd           | Version:  7
     \\/     M anipulation  |
\*---------------------------------------------------------------------------*/
Build  : 7-1ff648926f77
Exec   : blockMesh
Date   : Jul 16 2025
Time   : 13:02:25
Host   : "DESKTOP-TBHH8B1"
PID    : 9123
I/O    : uncollated
Case   : /mnt/h/aaOnaraighl/aalive_projects/Nicolas2024_wavetankTEST/olaFlow-master/wavemakerFlume_case11_lowres
nProcs : 1
sigFpe : Enabling floating point exception trapping (FOAM_SIGFPE).
fileModificationChecking : Monitoring run-time modified files using timeStampMaster (fileModificationSkew 10)
allowSystemOperations : Allowing user-supplied system call operations

// * * * * * * * * * * * * * * * * * * * * * * * * * * * * * * * * * * * * * //
Create time

Deleting polyMesh directory
    "/mnt/h/aaOnaraighl/aalive_projects/Nicolas2024_wavetankTEST/olaFlow-master/wavemakerFlume_case11_lowres/constant/polyMesh"
Creating block mesh from
    "/mnt/h/aaOnaraighl/aalive_projects/Nicolas2024_wavetankTEST/olaFlow-master/wavemakerFlume_case11_lowres/system/blockMeshDict"
Creating block edges
No non-planar block faces defined
Creating topology blocks
Creating topology patches

Reading patches section

Creating block mesh topology

Reading physicalType from existing boundary file

Default patch type set to empty

Check topology

	Basic statistics
		Number of internal faces : 0
		Number of boundary faces : 6
		Number of defined boundary faces : 6
		Number of undefined boundary faces : 0
	Checking patch -> block consistency

Creating block offsets
Creating merge list .

Creating polyMesh from blockMesh
Creating patches
Creating cells
Creating points with scale 1
    Block 0 cell size :
        i : 0.001 .. 0.001
        j : 0.02
        k : 0.001 .. 0.001

Writing polyMesh
----------------
Mesh Information
----------------
  boundingBox: (0 -0.02 0) (1 0 0.1)
  nPoints: 202202
  nCells: 100000
  nFaces: 401100
  nInternalFaces: 198900
----------------
Patches
----------------
  patch 0 (start: 198900 size: 100) name: inlet
  patch 1 (start: 199000 size: 100) name: outlet
  patch 2 (start: 199100 size: 1000) name: bottom
  patch 3 (start: 200100 size: 1000) name: atmosphere
  patch 4 (start: 201100 size: 200000) name: frontAndBack

End

